통과 98채널에서 쇼츠 목록 수집
[  1/98] 활용정점.                +30편 (누적 30)
[  2/98] 홈꾸미                  +40편 (누적 70)
[  3/98] 냥냥쿨범                 +34편 (누적 104)
[  4/98] 손엔라이프                +40편 (누적 144)
[  5/98] 오늘꿀템                 +35편 (누적 179)
[  6/98] 오리핫템                 +40편 (누적 219)
[  7/98] 살림킹                  +23편 (누적 242)
[  8/98] 루구나                  +40편 (누적 282)
[  9/98] 딸기라떼                 +40편 (누적 322)
[ 10/98] 와이거뭐냐                +40편 (누적 362)
[ 11/98] 살림의여왕                +40편 (누적 402)
[ 12/98] 꿀템튜브                 +40편 (누적 442)
[ 13/98] 꿀타래                  +40편 (누적 482)
[ 14/98] YummyAt12시에맛나요       +40편 (누적 522)
[ 15/98] 무집사홈                 +40편 (누적 562)
[ 16/98] 살림킹왕짱                +40편 (누적 602)
[ 17/98] 방구석꿀템                +40편 (누적 642)
[ 18/98] 헤이두 Hejdoo           +40편 (누적 682)
[ 19/98] 꿀템줍줍                 +40편 (누적 722)
[ 20/98] 살림살림                 +40편 (누적 762)
[ 21/98] 이븐쇼핑                 +40편 (누적 802)
[ 22/98] 형님여기                 +40편 (누적 842)
[ 23/98] 썰칩12                 +18편 (누적 860)
[ 24/98] 쇼핑남자                 +39편 (누적 899)
[ 25/98] 무슨템                  +40편 (누적 939)
[ 26/98] 살림도사                 +40편 (누적 979)
[ 27/98] 생활용품 연구소             +40편 (누적 1019)
[ 28/98] 시니어바른생활연구소           +0편 (누적 1019)
[ 29/98] 살림설렘                 +40편 (누적 1059)
[ 30/98] 살구홈                  +40편 (누적 1099)
[ 31/98] 쇼픽픽                  +40편 (누적 1139)
[ 32/98] Tob box              +40편 (누적 1179)
[ 33/98] 쇼핑 치트키               +36편 (누적 1215)
[ 34/98] 공가미                  +40편 (누적 1255)
[ 35/98] 내일 쇼핑                +40편 (누적 1295)
[ 36/98] 살림장착                 +40편 (누적 1335)
[ 37/98] 이왜템                  +18편 (누적 1353)
[ 38/98] 쓸모있어                 +16편 (누적 1369)
[ 39/98] 왜 팔릴까                +40편 (누적 1409)
[ 40/98] 이슈 리뷰어               +19편 (누적 1428)
[ 41/98] 참좋은 도구들              +40편 (누적 1468)
[ 42/98] 귤템                   +20편 (누적 1488)
[ 43/98] 숏템                   +40편 (누적 1528)
[ 44/98] 아이템홈                 +40편 (누적 1568)
[ 45/98] 긍정템                  +40편 (누적 1608)
[ 46/98] 호캠프                  +40편 (누적 1648)
[ 47/98] 달래샵                  +40편 (누적 1688)
[ 48/98] TOOL PLAYER          +40편 (누적 1728)
[ 49/98] 차개미                  +40편 (누적 1768)
[ 50/98] 홈레인지                 +40편 (누적 1808)
[ 51/98] 카팁                   +40편 (누적 1848)
[ 52/98] 홈템꿀팁 | 살림, 꿀템        +40편 (누적 1888)
[ 53/98] 썰풀다                  +40편 (누적 1928)
[ 54/98] 포미픽                  +40편 (누적 1968)
[ 55/98] 홈스타일러스               +40편 (누적 2008)
[ 56/98] 땡스템                  +40편 (누적 2048)
[ 57/98] 핑크수저                 +40편 (누적 2088)
[ 58/98] 요즘꿀팁💡                +29편 (누적 2117)
[ 59/98] LunLuns              +0편 (누적 2117)
[ 60/98] 케이수환                 +40편 (누적 2157)
[ 61/98] 꿀템리뷰_허니쵸이            +20편 (누적 2177)
[ 62/98] 편한살림                 +40편 (누적 2217)
[ 63/98] 반디몰                  +40편 (누적 2257)
[ 64/98] 살림카트                 +40편 (누적 2297)
[ 65/98] 썰쇼템                  +40편 (누적 2337)
[ 66/98] 집좋아                  +40편 (누적 2377)
[ 67/98] 룰라템냥                 +40편 (누적 2417)
[ 68/98] 꽈리 살림템               +40편 (누적 2457)
[ 69/98] 언니들이 편해지는 순간         +25편 (누적 2482)
[ 70/98] 뽀터언니                 +27편 (누적 2509)
[ 71/98] 데일리픽템 | 생활꿀템추천       +40편 (누적 2549)
[ 72/98] Enjoy Every Moment   +16편 (누적 2565)
[ 73/98] 택배왔동                 +16편 (누적 2581)
[ 74/98] 썰렘톡톡                 +35편 (누적 2616)
[ 75/98] 와우냥                  +40편 (누적 2656)
[ 76/98] 샤샤홈                  +40편 (누적 2696)
[ 77/98] 이거하나                 +40편 (누적 2736)
[ 78/98] 홈피아                  +40편 (누적 2776)
[ 79/98] 갓성비추천템               +40편 (누적 2816)
[ 80/98] Six choice           +40편 (누적 2856)
[ 81/98] 낭만집                  +40편 (누적 2896)
[ 82/98] 살림을더하다               +40편 (누적 2936)
[ 83/98] 좌니좐 Johny John       +40편 (누적 2976)
[ 84/98] 참나원캠핑 CNW Camping    +4편 (누적 2980)
[ 85/98] 꿀팁꿀템                 +40편 (누적 3020)
[ 86/98] 꿀꿀꿀팁                 +40편 (누적 3060)
[ 87/98] 홈꿀곰                  +40편 (누적 3100)
[ 88/98] 으니픽                  +40편 (누적 3140)
[ 89/98] 숏핑                   +40편 (누적 3180)
[ 90/98] 다있슈                  +31편 (누적 3211)
[ 91/98] 홈라이트                 +38편 (누적 3249)
[ 92/98] 로디홈                  +40편 (누적 3289)
[ 93/98] 소소한 리뷰               +40편 (누적 3329)
[ 94/98] 나만또모르고있었지            +37편 (누적 3366)
[ 95/98] 이거였네                 +7편 (누적 3373)
[ 96/98] 청소의정석                +40편 (누적 3413)
[ 97/98] 당신의 업템               +40편 (누적 3453)
[ 98/98] 마이DIY                +40편 (누적 3493)

총 3493편
