==================================================
STOCK BRAIN NIGHT WATCH — 2026-05-30
==================================================

[14:23:11] [INFO] [수집직원] 증권사 리포트 신규 감지
[14:23:14] [INFO]   > 삼성전기 TP 상향 (한국투자 200만→220만) — 저장
[14:23:17] [INFO]   > SK하이닉스 실적 프리뷰 (NH투자) — 저장
[14:23:19] [INFO] [완료] 리포트 2건 수집

[15:04:33] [INFO] [수집직원] 텔레그램 채널 뉴스 감지
[15:04:35] [INFO]   > [반도체] TSMC 4월 매출 YoY +38% 확인
[15:04:36] [INFO]   > [방산] 폴란드 K2전차 3차 계약 협상 진행 중
[15:04:38] [INFO]   > [바이오] HLB PDUFA D-54일 — 임박 모니터링
[15:04:39] [INFO] [완료] 뉴스 3건 수집

[16:31:07] [INFO] [수집직원] 장마감 후 리포트 쏟아짐
[16:31:12] [INFO]   > 리포트 11건 일괄 수집
[16:31:15] [INFO]   > TP 상향: LG이노텍 한화 1.3M→1.6M, 현대차 KB 28만→32만
[16:31:18] [INFO] [완료] 리포트 11건 처리

[23:03:22] [INFO] [수집직원] 야간 텔레그램 모니터링 시작
[23:11:44] [INFO]   > [미국] 애플 WWDC 발표 예정 — AI 기능 확대 기대
[23:11:46] [INFO] [완료] 뉴스 1건

[23:32:01] [INFO] [미국장직원] 미국 정규장 오픈
[23:32:05] [INFO]   > 나스닥: 26,972 ▲0.20%
[23:32:05] [INFO]   > S&P500: 7,580 ▲0.22%
[23:32:05] [INFO]   > SOX(반도체ETF): 12,829 ▲0.00%
[23:32:05] [INFO]   > QQQ(AI·테크): 738 ▲0.37%
[23:32:05] [INFO]   > VIX: 15.32 ▼2.67% — 안전 구간
[23:32:07] [INFO]   > 원달러: 1,507 ▲0.27%

[01:14:39] [INFO] [미국장직원] 실적 발표 감지
[01:14:42] [INFO]   > 스노우플레이크 어닝서프 +23% — 클라우드 섹터 강세
[01:14:44] [INFO]   > 마이크론 목표주가 상향 (바클레이즈 675→1175)
[01:14:46] [INFO]   > 국내 SK하이닉스 커플링 예상 → 관련 섹터 주목

[03:00:01] [INFO] [수급직원] 수급 오실레이터 전 섹터 스캔 시작
[03:00:04] [INFO]   > 스캔 대상: 16개 섹터 / 500+ 종목
[03:00:31] [INFO]   > 반도체 — A등급 5종목 / B등급 8종목
[03:00:44] [INFO]   > 방산 — A등급 3종목 / B등급 6종목
[03:00:58] [INFO]   > 바이오 — A등급 7종목 / B등급 11종목
[03:01:09] [INFO]   > 조선 — A등급 2종목 / B등급 4종목
[03:01:12] [INFO] [완료] 전 섹터 스캔 완료 — A등급 총 29종목

[03:31:18] [INFO] [투경직원] 투자경고 모니터링
[03:31:22] [INFO]   > 활성 투경 12종목 확인
[03:31:24] [INFO]   > 해제 임박: 코리아써키트 (1조건 미해소)
[03:31:25] [INFO] [완료] 투경 분석 완료

[05:02:07] [INFO] [미국장직원] 미국 정규장 마감
[05:02:09] [INFO]   > 나스닥 종가 확정: 26,972 ▲0.20%
[05:02:10] [INFO]   > SOX 종가 확정: 12,829 ▲0.00%
[05:02:11] [INFO]   > 주요 반도체주: MU +2.1% / NVDA +0.8% / AMAT -0.3%

[05:33:01] [INFO] [분석직원] 탑픽 교차 분석 시작
[05:33:04] [INFO]   > 후보군: A등급 빈집 29종목 × 8개 기준 교차
[05:33:11] [INFO]   > 삼성전기: 7/9점 — 탑픽 후보 🔴
[05:33:14] [INFO]   > 피에스케이홀딩스: 6/9점 — 탑픽 후보 🔴
[05:33:17] [INFO]   > HLB: 5/9점 — 관심주 🟠
[05:33:19] [INFO] [완료] 탑픽 선정 완료

[06:31:44] [INFO] [브리핑직원] 아침 노트 HTML 생성
[06:31:47] [INFO]   > 섹터 온도 반영 완료
[06:31:49] [INFO]   > 탑픽 3종목 삽입 완료
[06:31:51] [INFO]   > 매크로 한 줄 삽입 완료
[06:31:53] [INFO]   > HTML 생성 완료: out/morning_dark_2026-05-30.html

[07:00:00] [INFO] [배포직원] 텔레그램 발송
[07:00:03] [INFO]   > 아침 브리핑 전송 완료
[07:00:04] [INFO]   > 수급 빈집 요약 전송 완료
[07:00:05] [INFO] [완료] 모든 배포 완료

==================================================
총 작업 시간: 8시간 37분 (23:00 ~ 07:00)
수집 건수: 뉴스 18건 / 리포트 13건 / 수급 500+종목
결과: 탑픽 3종목 선정 / 아침 노트 발송 완료
==================================================