미처리 전체: 13개 | 이번 처리: 13개 (limit=13)
유형 필터: blog

[1/13] [blog] 2026-06-07_0901_시장  '검은 월요일' 가능성 및  공포지수(VIX) 현재 위치.md
  → 0개 원자
[2/13] [blog] 2026-06-06_0900_뉴욕 증시고용지표 호조, 금리 상승, 나스닥 -4.18% 급락.md
  → 0개 원자
[3/13] [blog] 2026-06-05_0807_엔비디아가 CPU를 만들었다. 이것이 메모리 업체에 미치는 영향은.md
  → 10개 원자
[4/13] [blog] 2026-06-05_0808_덕산하이메탈  MSB 글로벌 1위. 그리고 담합 수사 문제.md
  → 0개 원자
[5/13] [blog] 2026-06-05_1800_흩어지지 않게 생각 붙잡아두기 (2026.06.05).md
  → 7개 원자
[6/13] [blog] 2026-06-05_1802_젠슨황의 일정에 베팅하지말고... 그가 그리는 미래에 베팅하자...md
  → 6개 원자
[7/13] [blog] 2026-06-05_1803_한켐 상한가  MLCC 소재 생산.md
  → 0개 원자
[8/13] [blog] 2026-06-05_blog_analysis.json
[WARN] 인식 불가 JSON 파일: 2026-06-05_blog_analysis.json (0개 저장)
  → 0개 원자
[9/13] [blog] 2026-06-05_우주항공관련주_블로그검색.md
  → 0개 원자
[10/13] [blog] 2026-06-03_0803_지금 삼성전자 사기 무섭다면…대신 '이 종목' 몰렸다.md
  → 10개 원자
[11/13] [blog] 2026-06-03_0805_26년 5월 결산 - 쏠림이 더 강화되는 시장...md
  → 0개 원자
[12/13] [blog] 2026-06-03_0806_AI 혁명 가치사슬  필라델피아 반도체 지수 구성종목을 보자..md
  → 0개 원자
[13/13] [blog] 2026-06-03_0806_LS 이번판은 여기까지.....md
  → 0개 원자

완료: 13개 파일, 33개 원자 생성
남은 미처리: 0개
