미처리 전체: 16개 | 이번 처리: 16개 (limit=17)
유형 필터: yt

[1/16] [yt] 2026-06-05_0916_[Stocks] 260527 D&D Pharmatech hits dail.md
  → 3개 원자
[2/16] [yt] 2026-06-05_1803_[Stocks] 260605 US Stock Market Performa.md
  → 0개 원자
[3/16] [yt] 2026-06-05_2102_06052026 How Have Active ETF Positions S.md
  → 9개 원자
[4/16] [yt] script_소부장자금순환_20260604_gemini.md
  → 27개 원자
[5/16] [yt] yt_trending_20260530.json
[WARN] 인식 불가 JSON 파일: yt_trending_20260530.json (0개 저장)
  → 0개 원자
[6/16] [yt] AG_S02_timestamps.json
[WARN] 인식 불가 JSON 파일: AG_S02_timestamps.json (0개 저장)
  → 0개 원자
[7/16] [yt] AG_S03_timestamps.json
[WARN] 인식 불가 JSON 파일: AG_S03_timestamps.json (0개 저장)
  → 0개 원자
[8/16] [yt] AG_S4-1_timestamps.json
[WARN] 인식 불가 JSON 파일: AG_S4-1_timestamps.json (0개 저장)
  → 0개 원자
[9/16] [yt] AG_S4-2_timestamps.json
[WARN] 인식 불가 JSON 파일: AG_S4-2_timestamps.json (0개 저장)
  → 0개 원자
[10/16] [yt] AG_S4-3_timestamps.json
[WARN] 인식 불가 JSON 파일: AG_S4-3_timestamps.json (0개 저장)
  → 0개 원자
[11/16] [yt] AG_S4-4_timestamps.json
[WARN] 인식 불가 JSON 파일: AG_S4-4_timestamps.json (0개 저장)
  → 0개 원자
[12/16] [yt] AG_S4-5_timestamps.json
[WARN] 인식 불가 JSON 파일: AG_S4-5_timestamps.json (0개 저장)
  → 0개 원자
[13/16] [yt] AG_S4-6_timestamps.json
[WARN] 인식 불가 JSON 파일: AG_S4-6_timestamps.json (0개 저장)
  → 0개 원자
[14/16] [yt] AG_S4-7_timestamps.json
[WARN] 인식 불가 JSON 파일: AG_S4-7_timestamps.json (0개 저장)
  → 0개 원자
[15/16] [yt] GB01_timestamps.json
[WARN] 인식 불가 JSON 파일: GB01_timestamps.json (0개 저장)
  → 0개 원자
[16/16] [yt] GB02_timestamps.json
[WARN] 인식 불가 JSON 파일: GB02_timestamps.json (0개 저장)
  → 0개 원자

완료: 16개 파일, 39개 원자 생성
남은 미처리: 0개
