1) 목록 수집(채널당 80편)
  ...20/107  누적 1199편
  ...40/107  누적 2133편
  ...60/107  누적 2994편
  ...80/107  누적 4076편
  ...100/107  누적 5346편
총 수집: 5653
조회수 100만+: 94
조회수 50만+ : 171
조회수 10만+ : 449
  목록 5653편 · 새로 받을 1만↑ 1350편
2) 새 자막 수집
  ...10/1350  ok=10 fail=0
  ...20/1350  ok=20 fail=0
  ...30/1350  ok=29 fail=1
  ...40/1350  ok=39 fail=1
  ...50/1350  ok=48 fail=2
  ...60/1350  ok=58 fail=2
  ...70/1350  ok=68 fail=2
  ...80/1350  ok=78 fail=2
  ...90/1350  ok=88 fail=2
  ...100/1350  ok=98 fail=2
  ...110/1350  ok=108 fail=2
  ...120/1350  ok=117 fail=3
  ...130/1350  ok=126 fail=4
  ...140/1350  ok=136 fail=4
  ...150/1350  ok=146 fail=4
  ...160/1350  ok=156 fail=4
  ...170/1350  ok=166 fail=4
  ...180/1350  ok=176 fail=4
  ...190/1350  ok=186 fail=4
  ...200/1350  ok=196 fail=4
  ...210/1350  ok=205 fail=5
  ...220/1350  ok=215 fail=5
  ...230/1350  ok=224 fail=6
  ...240/1350  ok=233 fail=7
  ...250/1350  ok=242 fail=8
  ...260/1350  ok=252 fail=8
  ...270/1350  ok=262 fail=8
  ...280/1350  ok=272 fail=8
  ...290/1350  ok=282 fail=8
  ...300/1350  ok=292 fail=8
  ...310/1350  ok=302 fail=8
  ...320/1350  ok=312 fail=8
  ...330/1350  ok=322 fail=8
  ...340/1350  ok=331 fail=9
  ...350/1350  ok=340 fail=10
  ...360/1350  ok=350 fail=10
  ...370/1350  ok=360 fail=10
  ...380/1350  ok=370 fail=10
  ...390/1350  ok=380 fail=10
  ...400/1350  ok=389 fail=11
  ...410/1350  ok=396 fail=14
  ...420/1350  ok=406 fail=14
  ...430/1350  ok=416 fail=14
  ...440/1350  ok=426 fail=14
  ...450/1350  ok=436 fail=14
  ...460/1350  ok=446 fail=14
  ...470/1350  ok=456 fail=14
  ...480/1350  ok=465 fail=15
  ...490/1350  ok=473 fail=17
  ...500/1350  ok=483 fail=17
  ...510/1350  ok=493 fail=17
  ...520/1350  ok=503 fail=17
  ...530/1350  ok=512 fail=18
  ...540/1350  ok=522 fail=18
  ...550/1350  ok=530 fail=20
  ...560/1350  ok=540 fail=20
  ...570/1350  ok=550 fail=20
  ...580/1350  ok=559 fail=21
  ...590/1350  ok=568 fail=22
  ...600/1350  ok=577 fail=23
  ...610/1350  ok=585 fail=25
  ...620/1350  ok=594 fail=26
  ...630/1350  ok=601 fail=29
  ...640/1350  ok=610 fail=30
  ...650/1350  ok=620 fail=30
  ...660/1350  ok=630 fail=30
  ...670/1350  ok=638 fail=32
  ...680/1350  ok=645 fail=35
  ...690/1350  ok=654 fail=36
  ...700/1350  ok=661 fail=39
  ...710/1350  ok=671 fail=39
  ...720/1350  ok=680 fail=40
  ...730/1350  ok=687 fail=43
  ...740/1350  ok=697 fail=43
  ...750/1350  ok=707 fail=43
  ...760/1350  ok=714 fail=46
  ...770/1350  ok=724 fail=46
  ...780/1350  ok=734 fail=46
  ...790/1350  ok=744 fail=46
  ...800/1350  ok=753 fail=47
  ...810/1350  ok=763 fail=47
  ...820/1350  ok=773 fail=47
  ...830/1350  ok=783 fail=47
  ...840/1350  ok=792 fail=48
  ...850/1350  ok=800 fail=50
  ...860/1350  ok=810 fail=50
  ...870/1350  ok=819 fail=51
  ...880/1350  ok=829 fail=51
  ...890/1350  ok=839 fail=51
  ...900/1350  ok=847 fail=53
  ...910/1350  ok=857 fail=53
  ...920/1350  ok=866 fail=54
  ...930/1350  ok=876 fail=54
  ...940/1350  ok=884 fail=56
  ...950/1350  ok=894 fail=56
  ...960/1350  ok=902 fail=58
  ...970/1350  ok=912 fail=58
  ...980/1350  ok=921 fail=59
  ...990/1350  ok=931 fail=59
  ...1000/1350  ok=941 fail=59
  ...1010/1350  ok=949 fail=61
  ...1020/1350  ok=958 fail=62
  ...1030/1350  ok=967 fail=63
  ...1040/1350  ok=976 fail=64
  ...1050/1350  ok=986 fail=64
  ...1060/1350  ok=994 fail=66
  ...1070/1350  ok=1002 fail=68
  ...1080/1350  ok=1010 fail=70
  ...1090/1350  ok=1018 fail=72
  ...1100/1350  ok=1028 fail=72
  ...1110/1350  ok=1037 fail=73
  ...1120/1350  ok=1047 fail=73
  ...1130/1350  ok=1055 fail=75
  ...1140/1350  ok=1064 fail=76
  ...1150/1350  ok=1074 fail=76
  ...1160/1350  ok=1082 fail=78
  ...1170/1350  ok=1091 fail=79
  ...1180/1350  ok=1101 fail=79
  ...1190/1350  ok=1108 fail=82
  ...1200/1350  ok=1118 fail=82
  ...1210/1350  ok=1127 fail=83
  ...1220/1350  ok=1137 fail=83
  ...1230/1350  ok=1146 fail=84
  ...1240/1350  ok=1156 fail=84
  ...1250/1350  ok=1166 fail=84
  ...1260/1350  ok=1176 fail=84
  ...1270/1350  ok=1183 fail=87
  ...1280/1350  ok=1192 fail=88
  ...1290/1350  ok=1202 fail=88
  ...1300/1350  ok=1210 fail=90
  ...1310/1350  ok=1220 fail=90
  ...1320/1350  ok=1227 fail=93
  ...1330/1350  ok=1237 fail=93
  ...1340/1350  ok=1246 fail=94
  ...1350/1350  ok=1256 fail=94
자막 확보: 1256 | 실패: 94
RUN_DONE 새 자막 1256 · 합본 2037
