[15:47:12] [INFO] 단계 실행: 미국
[15:47:12] [INFO] ── 미국 시장 체크 ──
[15:47:20] [INFO] 나스닥: 26,972.62 ▲0.20%
S&P500: 7,580.06 ▲0.22%
VIX: 15.32 ▼2.67%
반도체ETF(SOX): 12,829.38 ▲0.00%
AI·테크(QQQ): 738.31 ▲0.37%
달러인덱스: 98.91 ▼0.11%
원달러: 1,507.13 ▲0.27%
WTI: 87.36 ▼1.73%
[15:47:27] [INFO] 단계 실행: 브리핑
[15:47:27] [INFO] ── 아침 브리핑 생성 ──
[15:47:27] [INFO] [실행 시작] 아침 브리핑
[15:47:58] [INFO]   >       └ 스페이스X IPO 기대감 및 관련주 강세는 국내 방산·우주항공 섹터에 긍정적 모멘텀을 제공할 수 있습니다.
[15:47:58] [INFO]   >   🔴 한국은행 금통위 (매파적 동결 우려) → 국내 금리민감주 (건설, 증권 등)
[15:47:58] [INFO]   >       └ 한은의 '매파적 동결' 메시지 발표 시, 금리 인상 가능성에 민감한 종목들의 즉각적인 반응에 주의해야 합니다.
[15:47:58] [INFO]   > 
[15:47:58] [INFO]   > 🗓 오늘 이벤트
[15:47:58] [INFO]   >   · 한국은행 금융통화위원회 (금통위)
[15:47:58] [INFO]   > ────────────────────────────────────────────────────────────
[15:47:58] [INFO]   > 
[15:47:58] [INFO]   > ✅ 텔레그램 전송 완료
[15:47:58] [INFO]   > ✅ 브리핑 저장: C:\Users\TheRose\Desktop\로또의 주식\out\briefing_2026-05-30.md
[15:47:58] [INFO] [완료] 아침 브리핑
[15:48:04] [INFO] 단계 실행: html
[15:48:04] [INFO] ── 아침 노트 HTML 생성 ──
[15:48:04] [INFO] [실행 시작] HTML 생성
[15:48:07] [INFO]   > [2026-05-30] HTML 브리핑 생성 중...
[15:48:07] [INFO]   > 스파크라인 5일 데이터 수집 중...
[15:48:07] [INFO]   >   다우 5일  나스닥 5일  S&P 5일  필라반 5일
[15:48:07] [INFO]   > ✅ 다크버전:  C:\Users\TheRose\Desktop\로또의 주식\out\morning_dark_2026-05-30.html
[15:48:07] [INFO]   > ✅ 화이트버전: C:\Users\TheRose\Desktop\로또의 주식\out\morning_white_2026-05-30.html
[15:48:07] [INFO] [완료] HTML 생성
[16:04:01] [INFO] ==================================================
[16:04:01] [INFO] 테스트 모드: 전체 파이프라인 즉시 실행
[16:04:01] [INFO] ==================================================
[16:04:01] [INFO] ── 미국 시장 체크 ──
[16:04:07] [INFO] 나스닥: 26,972.62 ▲0.20%
S&P500: 7,580.06 ▲0.22%
VIX: 15.32 ▼2.67%
반도체ETF(SOX): 12,829.38 ▲0.00%
AI·테크(QQQ): 738.31 ▲0.37%
달러인덱스: 98.91 ▼0.11%
원달러: 1,507.13 ▲0.27%
WTI: 87.36 ▼1.73%
[16:04:07] [INFO] ── 수급 오실레이터 스캔 (전 섹터) ──
[16:04:07] [INFO] [실행 시작] 수급 오실레이터
[16:04:41] [INFO]   > 텔레그램 전송 완료
[16:04:41] [INFO]   > 텔레그램 전송 완료
[16:04:41] [INFO]   > 텔레그램 전송 완료
[16:04:41] [INFO]   > 텔레그램 전송 완료
[16:04:41] [INFO]   > 텔레그램 전송 완료
[16:04:41] [INFO]   > 텔레그램 전송 완료
[16:04:41] [INFO]   > 텔레그램 전송 완료
[16:04:41] [INFO]   > 텔레그램 전송 완료
[16:04:41] [INFO]   > 텔레그램 전송 완료
[16:04:41] [INFO]   > 텔레그램 전송 완료
[16:04:41] [INFO] [완료] 수급 오실레이터
[16:04:42] [INFO] 텔레그램 전송 완료
[16:04:42] [INFO] ── 아침 브리핑 생성 ──
[16:04:42] [INFO] [실행 시작] 아침 브리핑
[16:05:14] [INFO]   >       └ 마이크론 목표가 상향 및 스토리지 강세는 삼성전자와 SK하이닉스의 HBM 경쟁력 강화 및 D램 시장 우위 소식과 맞물려 국내 반도체 관련 기업들에 긍정적입니다.
[16:05:14] [INFO]   >   🟡 미국 클라우드/소프트웨어 (스노우플레이크 급등) → 한국 IT 서비스/클라우드
[16:05:14] [INFO]   >       └ AWS 대규모 계약 및 실적 서프라이즈를 보인 스노우플레이크의 강세는 국내 클라우드 및 IT 서비스 관련 기업들에 대한 관심으로 이어질 수 있습니다.
[16:05:14] [INFO]   > 
[16:05:14] [INFO]   > 🗓 오늘 이벤트
[16:05:14] [INFO]   >   · 한국은행 금융통화위원회 (신현승 총재 첫 회의)
[16:05:14] [INFO]   > ────────────────────────────────────────────────────────────
[16:05:14] [INFO]   > 
[16:05:14] [INFO]   > ✅ 텔레그램 전송 완료
[16:05:14] [INFO]   > ✅ 브리핑 저장: C:\Users\TheRose\Desktop\로또의 주식\out\briefing_2026-05-30.md
[16:05:14] [INFO] [완료] 아침 브리핑
[16:05:14] [INFO] ── 아침 노트 HTML 생성 ──
[16:05:14] [INFO] [실행 시작] HTML 생성
[16:05:17] [INFO]   > [2026-05-30] HTML 브리핑 생성 중...
[16:05:17] [INFO]   > 스파크라인 5일 데이터 수집 중...
[16:05:17] [INFO]   >   다우 5일  나스닥 5일  S&P 5일  필라반 5일
[16:05:17] [INFO]   > ✅ 다크버전:  C:\Users\TheRose\Desktop\로또의 주식\out\morning_dark_2026-05-30.html
[16:05:17] [INFO]   > ✅ 화이트버전: C:\Users\TheRose\Desktop\로또의 주식\out\morning_white_2026-05-30.html
[16:05:17] [INFO] [완료] HTML 생성
[16:05:17] [INFO] ── 최종 배포 ──
[16:05:18] [INFO] 텔레그램 전송 완료
[16:05:18] [INFO] 최종 아침 브리핑 전송 완료
[16:05:18] [INFO] 테스트 완료
[16:26:29] [INFO] 단계 실행: 수급
[16:26:29] [INFO] ── 수급 오실레이터 스캔 (전 섹터) ──
[16:26:29] [INFO] [실행 시작] 수급 오실레이터
[16:27:02] [INFO]   > 텔레그램 전송 완료
[16:27:02] [INFO]   > 텔레그램 전송 완료
[16:27:02] [INFO]   > 텔레그램 전송 완료
[16:27:02] [INFO]   > 텔레그램 전송 완료
[16:27:02] [INFO]   > 텔레그램 전송 완료
[16:27:02] [INFO]   > 텔레그램 전송 완료
[16:27:02] [INFO]   > 텔레그램 전송 완료
[16:27:02] [INFO]   > 텔레그램 전송 완료
[16:27:02] [INFO]   > 텔레그램 전송 완료
[16:27:02] [INFO]   > 텔레그램 전송 완료
[16:27:02] [INFO] [완료] 수급 오실레이터
[16:27:03] [INFO] 텔레그램 전송 완료
